char5 line 2:2: unexpected char: 0xA
char5 line 3:2: unexpected char: 0xA
