enter main 1
enter main 2
enter main 3
enter main 4
enter main 5
enter main 6
enter main 7
enter main 8
enter main 9
enter main 10
exit main 10
exit main 9
exit main 8
exit main 7
exit main 6
exit main 5
exit main 4
exit main 3
exit main 2
exit main 1
