x should be 0; x = 0
Sum should be 10; x + y = 10
We have mastered shadowing
