The value of i should be -1, actual: -1
The value of a[] should be: 2 3 4 5 6 7 8 9 10 11
                    actual: 2 3 4 5 6 7 8 9 10 11
The value of b[] should be: 0 0 6 0 0 12 0 0 18 0
                    actual: 0 0 6 0 0 12 0 0 18 0
