a[9] = 9
a[8] = 8
a[7] = 7
a[6] = 6
a[5] = 55
a[4] = 4
a[3] = 3
a[2] = 2
a[1] = 11
a[0] = 0
