Successful short circuit
Successful short circuit
Successful short circuit
